[2026-03-29T10:41:47.963+0200][0.002s][info][gc,init] CardTable entry size: 512
[2026-03-29T10:41:47.963+0200][0.003s][info][gc     ] Using G1
[2026-03-29T10:41:47.965+0200][0.004s][info][gc,init] Version: 21.0.10+7-Ubuntu-124.04 (release)
[2026-03-29T10:41:47.965+0200][0.004s][info][gc,init] CPUs: 16 total, 16 available
[2026-03-29T10:41:47.965+0200][0.004s][info][gc,init] Memory: 21858M
[2026-03-29T10:41:47.965+0200][0.004s][info][gc,init] Large Page Support: Disabled
[2026-03-29T10:41:47.965+0200][0.004s][info][gc,init] NUMA Support: Disabled
[2026-03-29T10:41:47.965+0200][0.004s][info][gc,init] Compressed Oops: Enabled (Zero based)
[2026-03-29T10:41:47.965+0200][0.004s][info][gc,init] Heap Region Size: 4M
[2026-03-29T10:41:47.965+0200][0.004s][info][gc,init] Heap Min Capacity: 8M
[2026-03-29T10:41:47.965+0200][0.004s][info][gc,init] Heap Initial Capacity: 344M
[2026-03-29T10:41:47.965+0200][0.004s][info][gc,init] Heap Max Capacity: 5468M
[2026-03-29T10:41:47.965+0200][0.004s][info][gc,init] Pre-touch: Disabled
[2026-03-29T10:41:47.965+0200][0.004s][info][gc,init] Parallel Workers: 13
[2026-03-29T10:41:47.965+0200][0.004s][info][gc,init] Concurrent Workers: 3
[2026-03-29T10:41:47.965+0200][0.004s][info][gc,init] Concurrent Refinement Workers: 13
[2026-03-29T10:41:47.965+0200][0.004s][info][gc,init] Periodic GC: Disabled
[2026-03-29T10:41:47.972+0200][0.012s][info][gc,metaspace] CDS archive(s) mapped at: [0x000075f11b000000-0x000075f11bc9c000-0x000075f11bc9c000), size 13221888, SharedBaseAddress: 0x000075f11b000000, ArchiveRelocationMode: 1.
[2026-03-29T10:41:47.972+0200][0.012s][info][gc,metaspace] Compressed class space mapped at: 0x000075f11c000000-0x000075f15c000000, reserved size: 1073741824
[2026-03-29T10:41:47.972+0200][0.012s][info][gc,metaspace] Narrow klass base: 0x000075f11b000000, Narrow klass shift: 0, Narrow klass range: 0x100000000
[2026-03-29T10:41:48.102+0200][0,142s][info][gc,start    ] GC(0) Pause Young (Normal) (G1 Evacuation Pause)
[2026-03-29T10:41:48.103+0200][0,143s][info][gc,task     ] GC(0) Using 8 workers of 13 for evacuation
[2026-03-29T10:41:48.107+0200][0,147s][info][gc,phases   ] GC(0)   Pre Evacuate Collection Set: 0,08ms
[2026-03-29T10:41:48.107+0200][0,147s][info][gc,phases   ] GC(0)   Merge Heap Roots: 0,12ms
[2026-03-29T10:41:48.107+0200][0,147s][info][gc,phases   ] GC(0)   Evacuate Collection Set: 3,39ms
[2026-03-29T10:41:48.107+0200][0,147s][info][gc,phases   ] GC(0)   Post Evacuate Collection Set: 0,55ms
[2026-03-29T10:41:48.107+0200][0,147s][info][gc,phases   ] GC(0)   Other: 0,69ms
[2026-03-29T10:41:48.107+0200][0,147s][info][gc,heap     ] GC(0) Eden regions: 5->0(3)
[2026-03-29T10:41:48.107+0200][0,147s][info][gc,heap     ] GC(0) Survivor regions: 0->1(1)
[2026-03-29T10:41:48.107+0200][0,147s][info][gc,heap     ] GC(0) Old regions: 1->4
[2026-03-29T10:41:48.107+0200][0,147s][info][gc,heap     ] GC(0) Humongous regions: 1->1
[2026-03-29T10:41:48.107+0200][0,147s][info][gc,metaspace] GC(0) Metaspace: 1396K(1600K)->1396K(1600K) NonClass: 1253K(1344K)->1253K(1344K) Class: 143K(256K)->143K(256K)
[2026-03-29T10:41:48.107+0200][0,147s][info][gc          ] GC(0) Pause Young (Normal) (G1 Evacuation Pause) 25M->19M(348M) 5,253ms
[2026-03-29T10:41:48.107+0200][0,147s][info][gc,cpu      ] GC(0) User=0,01s Sys=0,02s Real=0,01s
[2026-03-29T10:41:48.589+0200][0,629s][info][gc,start    ] GC(1) Pause Young (Normal) (G1 Evacuation Pause)
[2026-03-29T10:41:48.589+0200][0,629s][info][gc,task     ] GC(1) Using 8 workers of 13 for evacuation
[2026-03-29T10:41:48.593+0200][0,632s][info][gc,phases   ] GC(1)   Pre Evacuate Collection Set: 0,11ms
[2026-03-29T10:41:48.593+0200][0,632s][info][gc,phases   ] GC(1)   Merge Heap Roots: 0,09ms
[2026-03-29T10:41:48.593+0200][0,632s][info][gc,phases   ] GC(1)   Evacuate Collection Set: 2,55ms
[2026-03-29T10:41:48.593+0200][0,632s][info][gc,phases   ] GC(1)   Post Evacuate Collection Set: 0,69ms
[2026-03-29T10:41:48.593+0200][0,632s][info][gc,phases   ] GC(1)   Other: 0,09ms
[2026-03-29T10:41:48.593+0200][0,632s][info][gc,heap     ] GC(1) Eden regions: 3->0(4)
[2026-03-29T10:41:48.593+0200][0,632s][info][gc,heap     ] GC(1) Survivor regions: 1->1(1)
[2026-03-29T10:41:48.593+0200][0,632s][info][gc,heap     ] GC(1) Old regions: 4->5
[2026-03-29T10:41:48.593+0200][0,632s][info][gc,heap     ] GC(1) Humongous regions: 1->1
[2026-03-29T10:41:48.593+0200][0,632s][info][gc,metaspace] GC(1) Metaspace: 7436K(7744K)->7436K(7744K) NonClass: 6607K(6784K)->6607K(6784K) Class: 829K(960K)->829K(960K)
[2026-03-29T10:41:48.593+0200][0,632s][info][gc          ] GC(1) Pause Young (Normal) (G1 Evacuation Pause) 31M->23M(348M) 3,829ms
[2026-03-29T10:41:48.593+0200][0,632s][info][gc,cpu      ] GC(1) User=0,03s Sys=0,00s Real=0,00s
[2026-03-29T10:41:52.243+0200][4,282s][info][gc,start    ] GC(2) Pause Young (Normal) (G1 Evacuation Pause)
[2026-03-29T10:41:52.243+0200][4,282s][info][gc,task     ] GC(2) Using 8 workers of 13 for evacuation
[2026-03-29T10:41:52.247+0200][4,287s][info][gc,phases   ] GC(2)   Pre Evacuate Collection Set: 0,16ms
[2026-03-29T10:41:52.247+0200][4,287s][info][gc,phases   ] GC(2)   Merge Heap Roots: 0,13ms
[2026-03-29T10:41:52.247+0200][4,287s][info][gc,phases   ] GC(2)   Evacuate Collection Set: 3,71ms
[2026-03-29T10:41:52.247+0200][4,287s][info][gc,phases   ] GC(2)   Post Evacuate Collection Set: 0,31ms
[2026-03-29T10:41:52.247+0200][4,287s][info][gc,phases   ] GC(2)   Other: 0,09ms
[2026-03-29T10:41:52.247+0200][4,287s][info][gc,heap     ] GC(2) Eden regions: 3->0(5)
[2026-03-29T10:41:52.247+0200][4,287s][info][gc,heap     ] GC(2) Survivor regions: 1->1(1)
[2026-03-29T10:41:52.247+0200][4,287s][info][gc,heap     ] GC(2) Old regions: 5->8
[2026-03-29T10:41:52.247+0200][4,287s][info][gc,heap     ] GC(2) Humongous regions: 1->1
[2026-03-29T10:41:52.247+0200][4,287s][info][gc,metaspace] GC(2) Metaspace: 7490K(7808K)->7490K(7808K) NonClass: 6660K(6848K)->6660K(6848K) Class: 829K(960K)->829K(960K)
[2026-03-29T10:41:52.247+0200][4,287s][info][gc          ] GC(2) Pause Young (Normal) (G1 Evacuation Pause) 35M->36M(348M) 4,761ms
[2026-03-29T10:41:52.247+0200][4,287s][info][gc,cpu      ] GC(2) User=0,02s Sys=0,01s Real=0,01s
[2026-03-29T10:41:55.888+0200][7,927s][info][gc,start    ] GC(3) Pause Young (Normal) (G1 Evacuation Pause)
[2026-03-29T10:41:55.888+0200][7,927s][info][gc,task     ] GC(3) Using 8 workers of 13 for evacuation
[2026-03-29T10:41:55.892+0200][7,932s][info][gc,phases   ] GC(3)   Pre Evacuate Collection Set: 0,12ms
[2026-03-29T10:41:55.892+0200][7,932s][info][gc,phases   ] GC(3)   Merge Heap Roots: 0,12ms
[2026-03-29T10:41:55.892+0200][7,932s][info][gc,phases   ] GC(3)   Evacuate Collection Set: 3,72ms
[2026-03-29T10:41:55.892+0200][7,932s][info][gc,phases   ] GC(3)   Post Evacuate Collection Set: 0,26ms
[2026-03-29T10:41:55.892+0200][7,932s][info][gc,phases   ] GC(3)   Other: 0,09ms
[2026-03-29T10:41:55.892+0200][7,932s][info][gc,heap     ] GC(3) Eden regions: 3->0(7)
[2026-03-29T10:41:55.892+0200][7,932s][info][gc,heap     ] GC(3) Survivor regions: 1->1(1)
[2026-03-29T10:41:55.892+0200][7,932s][info][gc,heap     ] GC(3) Old regions: 8->11
[2026-03-29T10:41:55.892+0200][7,932s][info][gc,heap     ] GC(3) Humongous regions: 1->1
[2026-03-29T10:41:55.892+0200][7,932s][info][gc,metaspace] GC(3) Metaspace: 7541K(7872K)->7541K(7872K) NonClass: 6711K(6912K)->6711K(6912K) Class: 829K(960K)->829K(960K)
[2026-03-29T10:41:55.892+0200][7,932s][info][gc          ] GC(3) Pause Young (Normal) (G1 Evacuation Pause) 48M->49M(348M) 4,643ms
[2026-03-29T10:41:55.892+0200][7,932s][info][gc,cpu      ] GC(3) User=0,02s Sys=0,01s Real=0,00s
[2026-03-29T10:41:58.078+0200][10,118s][info][gc,heap,exit] Heap
[2026-03-29T10:41:58.078+0200][10,118s][info][gc,heap,exit]  garbage-first heap   total 356352K, used 58048K [0x00000006aa400000, 0x0000000800000000)
[2026-03-29T10:41:58.078+0200][10,118s][info][gc,heap,exit]   region size 4096K, 3 young (12288K), 1 survivors (4096K)
[2026-03-29T10:41:58.078+0200][10,118s][info][gc,heap,exit]  Metaspace       used 7575K, committed 7872K, reserved 1114112K
[2026-03-29T10:41:58.078+0200][10,118s][info][gc,heap,exit]   class space    used 830K, committed 960K, reserved 1048576K
